// Bun Snapshot v1, https://goo.gl/fbAQLP

exports[`basic empty, make doc 1`] = `
"
▶️

Session 10/2/2024, 2:22:05 PM"
`;
